--------------------------------------
Robot State
--------------------------------------
Model: DifferentialDrive
--------------------------------------
--------------------------------------
Mobile Robot State
--------------------------------------
Linear Velocity: 0 m/s
Rotational Velocity: -3.14159 rad/s
Vx: -0 m/s
Vy: -0 m/s
--------------------------------------
Wheel States
--------------------------------------
Name: Left
Position: (0 m, 0.5 m)
Velocity: 0.25 rev/s
--------------------------------------
Name: Right
Position: (0 m, -0.5 m)
Velocity: -0.25 rev/s
--------------------------------------
--------------------------------------
DifferentialDrive Robot State
--------------------------------------
Wheel Radius: 1
Wheel Distance Left-Right: 1
--------------------------------------
