--------------------------------------
Robot State
--------------------------------------
Model: DifferentialDrive
--------------------------------------
--------------------------------------
Mobile Robot State
--------------------------------------
Linear Velocity: 1.72788 m/s
Rotational Velocity: 0.314159 rad/s
Vx: 1.64331 m/s
Vy: 0.533943 m/s
--------------------------------------
Wheel States
--------------------------------------
Name: Left
Position: (0 m, 1.1 m)
Velocity: 0.1 rev/s
--------------------------------------
Name: Right
Position: (0 m, -1.1 m)
Velocity: 0.15 rev/s
--------------------------------------
--------------------------------------
DifferentialDrive Robot State
--------------------------------------
Wheel Radius: 2.2
Wheel Distance Left-Right: 2.2
--------------------------------------
