--------------------------------------
Robot State
--------------------------------------
Model: DifferentialDrive
--------------------------------------
--------------------------------------
Mobile Robot State
--------------------------------------
Linear Velocity: 6.28319 m/s
Rotational Velocity: 0 rad/s
Vx: 6.28319 m/s
Vy: 0 m/s
--------------------------------------
Wheel States
--------------------------------------
Name: Left
Position: (0 m, 0.5 m)
Velocity: 1 rev/s
--------------------------------------
Name: Right
Position: (0 m, -0.5 m)
Velocity: 1 rev/s
--------------------------------------
--------------------------------------
DifferentialDrive Robot State
--------------------------------------
Wheel Radius: 1
Wheel Distance Left-Right: 1
--------------------------------------
